<html>
<body>
<pre>
<h1>µVision Build Log</h1>
<h2>Tool Versions:</h2>
IDE-Version: •ÏVision V5.21.1.0
Copyright (C) 2016 ARM Ltd and ARM Germany GmbH. All rights reserved.
License Information: q q, q, LIC=3UUGK-ZT67K-337M1-CRIIP-R07Q5-MMNTI
 
Tool Versions:
Toolchain:       MDK-ARM Professional  Version: 5.21a
Toolchain Path:  E:\Keil_v5\ARM\ARMCC\Bin
C Compiler:      Armcc.exe V5.06 update 3 (build 300)
Assembler:       Armasm.exe V5.06 update 3 (build 300)
Linker/Locator:  ArmLink.exe V5.06 update 3 (build 300)
Library Manager: ArmAr.exe V5.06 update 3 (build 300)
Hex Converter:   FromElf.exe V5.06 update 3 (build 300)
CPU DLL:         SARMCM3.DLL V5.21a
Dialog DLL:      DCM.DLL V1.13.8.0
Target DLL:      STLink\ST-LINKIII-KEIL_SWO.dll V2.0.18.0
Dialog DLL:      TCM.DLL V1.14.14.0
 
<h2>Project:</h2>
C:\Users\saga2\Downloads\STM_SDCard_Test\STM_SDCard_Test\MDK-ARM\STM_SDCard_Test.uvprojx
Project File Date:  05/09/2020

<h2>Output:</h2>
*** Using Compiler 'V5.06 update 3 (build 300)', folder: 'E:\Keil_v5\ARM\ARMCC\Bin'
Build target 'STM_SDCard_Test'
compiling sdcard.c...
../Inc/sdcard.h(55): warning:  #1-D: last line of file ends without a newline
  #endif
..\Src\sdcard.c(25): warning:  #181-D: argument is incompatible with corresponding format string conversion
  	printf("readbuffer is : %s\n", readBuffer);
..\Src\sdcard.c(100): warning:  #940-D: missing return statement at end of non-void function "readInfoFromSD"
  }
..\Src\sdcard.c(44): warning:  #177-D: variable "isExist" was declared but never referenced
  	uint8_t isExist = 0; // 0: doesn't exist, 1: exists
..\Src\sdcard.c(223): warning:  #1-D: last line of file ends without a newline
  }
..\Src\sdcard.c: 5 warnings, 0 errors
linking...
Program Size: Code=21440 RO-data=1852 RW-data=100 ZI-data=14260  
FromELF: creating hex file...
"STM_SDCard_Test\STM_SDCard_Test.axf" - 0 Error(s), 5 Warning(s).

<h2>Software Packages used:</h2>

Package Vendor: ARM
                http://www.keil.com/pack/ARM.CMSIS.5.6.0.pack
                ARM::CMSIS:CORE:5.3.0
                CMSIS (Cortex Microcontroller Software Interface Standard)
   * Component: CORE Version: 5.3.0

<h2>Collection of Component include folders:</h2>
  C:\Users\saga2\Downloads\STM_SDCard_Test\STM_SDCard_Test\MDK-ARM\RTE
  E:\Keil_v5\ARM\PACK\ARM\CMSIS\5.6.0\CMSIS\Core\Include
  E:\Keil_v5\ARM\PACK\Keil\STM32L4xx_DFP\2.3.0\Drivers\CMSIS\Device\ST\STM32L4xx\Include

<h2>Collection of Component Files used:</h2>

   * Component: ARM::CMSIS:CORE:5.3.0
Build Time Elapsed:  00:00:05
</pre>
</body>
</html>
